// Jest Snapshot v1, https://goo.gl/fbAQLP

exports[` <MovieProvider> check snapshot 1`] = `
ShallowWrapper {
  Symbol(enzyme.__root__): [Circular],
  Symbol(enzyme.__unrendered__): <MovieProvider>
    <Context.Consumer>
      [Function]
    </Context.Consumer>
  </MovieProvider>,
  Symbol(enzyme.__renderer__): Object {
    "batchedUpdates": [Function],
    "getNode": [Function],
    "render": [Function],
    "simulateError": [Function],
    "simulateEvent": [Function],
    "unmount": [Function],
  },
  Symbol(enzyme.__node__): Object {
    "instance": null,
    "key": undefined,
    "nodeType": "function",
    "props": Object {
      "children": <Context.Consumer>
        [Function]
      </Context.Consumer>,
      "value": Object {
        "actions": Object {
          "fetchMovies": [Function],
          "handleSearch": [Function],
          "handleType": [Function],
          "setPage": [Function],
        },
        "movieData": Object {
          "movies": Array [],
          "page": 1,
          "search": "",
          "totalPages": 0,
          "type": "now_playing",
        },
      },
    },
    "ref": null,
    "rendered": Object {
      "instance": null,
      "key": undefined,
      "nodeType": "function",
      "props": Object {
        "children": [Function],
      },
      "ref": null,
      "rendered": [Function],
      "type": Object {
        "$$typeof": Symbol(react.context),
        "_calculateChangedBits": null,
        "_context": Object {
          "$$typeof": Symbol(react.context),
          "Consumer": [Circular],
          "Provider": Object {
            "$$typeof": Symbol(react.provider),
            "_context": [Circular],
          },
          "_calculateChangedBits": null,
          "_currentRenderer": Object {},
          "_currentRenderer2": null,
          "_currentValue": Object {},
          "_currentValue2": Object {},
          "_threadCount": 0,
        },
      },
    },
    "type": Object {
      "$$typeof": Symbol(react.provider),
      "_context": Object {
        "$$typeof": Symbol(react.context),
        "Consumer": Object {
          "$$typeof": Symbol(react.context),
          "_calculateChangedBits": null,
          "_context": [Circular],
        },
        "Provider": [Circular],
        "_calculateChangedBits": null,
        "_currentRenderer": Object {},
        "_currentRenderer2": null,
        "_currentValue": Object {},
        "_currentValue2": Object {},
        "_threadCount": 0,
      },
    },
  },
  Symbol(enzyme.__nodes__): Array [
    Object {
      "instance": null,
      "key": undefined,
      "nodeType": "function",
      "props": Object {
        "children": <Context.Consumer>
          [Function]
        </Context.Consumer>,
        "value": Object {
          "actions": Object {
            "fetchMovies": [Function],
            "handleSearch": [Function],
            "handleType": [Function],
            "setPage": [Function],
          },
          "movieData": Object {
            "movies": Array [],
            "page": 1,
            "search": "",
            "totalPages": 0,
            "type": "now_playing",
          },
        },
      },
      "ref": null,
      "rendered": Object {
        "instance": null,
        "key": undefined,
        "nodeType": "function",
        "props": Object {
          "children": [Function],
        },
        "ref": null,
        "rendered": [Function],
        "type": Object {
          "$$typeof": Symbol(react.context),
          "_calculateChangedBits": null,
          "_context": Object {
            "$$typeof": Symbol(react.context),
            "Consumer": [Circular],
            "Provider": Object {
              "$$typeof": Symbol(react.provider),
              "_context": [Circular],
            },
            "_calculateChangedBits": null,
            "_currentRenderer": Object {},
            "_currentRenderer2": null,
            "_currentValue": Object {},
            "_currentValue2": Object {},
            "_threadCount": 0,
          },
        },
      },
      "type": Object {
        "$$typeof": Symbol(react.provider),
        "_context": Object {
          "$$typeof": Symbol(react.context),
          "Consumer": Object {
            "$$typeof": Symbol(react.context),
            "_calculateChangedBits": null,
            "_context": [Circular],
          },
          "Provider": [Circular],
          "_calculateChangedBits": null,
          "_currentRenderer": Object {},
          "_currentRenderer2": null,
          "_currentValue": Object {},
          "_currentValue2": Object {},
          "_threadCount": 0,
        },
      },
    },
  ],
  Symbol(enzyme.__options__): Object {
    "adapter": ReactSixteenAdapter {
      "options": Object {
        "enableComponentDidUpdateOnSetState": true,
        "lifecycles": Object {
          "componentDidUpdate": Object {
            "onSetState": true,
          },
          "getDerivedStateFromProps": true,
          "getSnapshotBeforeUpdate": true,
          "setState": Object {
            "skipsComponentDidUpdateOnNullish": true,
          },
        },
      },
    },
  },
}
`;
